// Vitest Snapshot v1, https://vitest.dev/guide/snapshot.html

exports[`YgoCardItem > matches snapshot 1`] = `
<DocumentFragment>
  <div
    class="_ygoCardItem_b4a956"
  >
    <img
      alt="1st Movement Solo"
      src="/api/v1/ygo/cards/10/image"
    />
  </div>
</DocumentFragment>
`;
