// Vitest Snapshot v1, https://vitest.dev/guide/snapshot.html

exports[`TextInput > matches snapshot 1`] = `
<DocumentFragment>
  <input
    class="_textInput_f9081f"
    name="test"
    placeholder="Enter text"
    type="text"
  />
</DocumentFragment>
`;
