// Vitest Snapshot v1, https://vitest.dev/guide/snapshot.html

exports[`Button > matches snapshot 1`] = `
<DocumentFragment>
  <button
    class="_button_0829c1"
  >
    Button
  </button>
</DocumentFragment>
`;
