// Vitest Snapshot v1, https://vitest.dev/guide/snapshot.html

exports[`Icon component > should render correctly 1`] = `
<div>
  <svg
    class="lucide lucide-network"
    fill="none"
    height="24"
    stroke="currentColor"
    stroke-linecap="round"
    stroke-linejoin="round"
    stroke-width="2"
    viewBox="0 0 24 24"
    width="24"
    xmlns="http://www.w3.org/2000/svg"
  >
    <rect
      height="6"
      rx="1"
      width="6"
      x="16"
      y="16"
    />
    <rect
      height="6"
      rx="1"
      width="6"
      x="2"
      y="16"
    />
    <rect
      height="6"
      rx="1"
      width="6"
      x="9"
      y="2"
    />
    <path
      d="M5 16v-3a1 1 0 0 1 1-1h12a1 1 0 0 1 1 1v3"
    />
    <path
      d="M12 12V8"
    />
  </svg>
</div>
`;
