// Vitest Snapshot v1, https://vitest.dev/guide/snapshot.html

exports[`YgoCardListView > matches snapshot 1`] = `
<DocumentFragment>
  <div
    class="_cardListView_177be7"
  >
    <div
      class="_filterBar_4db3c9"
    >
      <input
        class="_textInput_5ec5c9"
        name="card-name"
        placeholder="Search cards..."
        type="search"
        value="test"
      />
    </div>
    <div
      class="_gridContainer_177be7"
    >
      <div
        class="_ygoCardGrid_898a22"
      >
        <div
          class="_ygoCardItem_b4a956"
        >
          <img
            alt="7 Colored Fish"
            src="/api/v1/ygo/cards/15/image"
          />
        </div>
        <div
          class="_ygoCardItem_b4a956"
        >
          <img
            alt="1st Movement Solo"
            src="/api/v1/ygo/cards/10/image"
          />
        </div>
      </div>
    </div>
  </div>
</DocumentFragment>
`;
